Src/app.c:563:12:clamp_point	8	static
Src/app.c:1376:13:isp_thread_fct	8	static
Src/app.c:1324:13:on_pd_toggle_button_click	8	static
Src/app.c:1312:13:on_ld_toggle_button_click	8	static
Src/app.c:379:13:button_process	16	static
Src/app.c:366:13:button_init.part.0	8	static
Src/app.c:705:13:display_ld_hand	344	static
Src/app.c:1114:13:nn_thread_fct	40	static
Src/app.c:737:6:display_hand	128	static
Src/app.c:1336:13:dp_thread_fct	352	static
Src/app.c:1429:6:app_run	104	static
Src/app.c:1480:5:CMW_CAMERA_PIPE_FrameEventCallback	40	static
Src/app.c:1490:5:CMW_CAMERA_PIPE_VsyncEventCallback	16	static
