Lib/AI_Runtime/Npu/ll_aton/ll_aton_NN_interface.h:489:32:LL_Buffer_addr_start	0	static
Src/app.c:608:12:clamp_point	8	static
Src/app.c:706:12:clamp_corners	24	static
Src/app.c:683:13:roi_to_corners	4	static
Src/app.c:1656:13:isp_thread_fct	8	static
Src/app.c:1604:13:on_pd_toggle_button_click	8	static
Src/app.c:1592:13:on_ld_toggle_button_click	8	static
Src/app.c:424:13:button_process	16	static
Src/app.c:411:13:button_init.part.0	8	static
Src/app.c:751:13:display_ld_hand	5696	static
Src/app.c:1327:13:nn_thread_fct	216	static
Src/app.c:775:6:display_hand	112	static
Src/app.c:1616:13:dp_thread_fct	3928	static
Src/app.c:1709:6:app_run	104	static
Src/app.c:1760:5:CMW_CAMERA_PIPE_FrameEventCallback	40	static
Src/app.c:1770:5:CMW_CAMERA_PIPE_VsyncEventCallback	16	static
