STM32Cube_FW_N6/Drivers/CMSIS/Include/core_cm55.h:3852:22:__NVIC_EnableIRQ	16	static
STM32Cube_FW_N6/Drivers/CMSIS/Include/core_cm55.h:3890:22:__NVIC_DisableIRQ	16	static
STM32Cube_FW_N6/Drivers/CMSIS/Include/core_cm55.h:4049:22:__NVIC_SetPriority	16	static
STM32Cube_FW_N6/Drivers/STM32N6xx_HAL_Driver/Inc/stm32n6xx_ll_bus.h:561:22:LL_BUS_EnableClockLowPower	24	static
STM32Cube_FW_N6/Drivers/STM32N6xx_HAL_Driver/Inc/stm32n6xx_ll_bus.h:679:22:LL_MEM_EnableClock	24	static
STM32Cube_FW_N6/Drivers/STM32N6xx_HAL_Driver/Inc/stm32n6xx_ll_bus.h:751:22:LL_MEM_DisableClock	16	static
STM32Cube_FW_N6/Drivers/STM32N6xx_HAL_Driver/Inc/stm32n6xx_ll_bus.h:785:22:LL_MEM_EnableClockLowPower	24	static
STM32Cube_FW_N6/Drivers/STM32N6xx_HAL_Driver/Inc/stm32n6xx_ll_bus.h:953:22:LL_AHB1_GRP1_EnableClockLowPower	24	static
STM32Cube_FW_N6/Drivers/STM32N6xx_HAL_Driver/Inc/stm32n6xx_ll_bus.h:1009:22:LL_AHB2_GRP1_EnableClock	24	static
STM32Cube_FW_N6/Drivers/STM32N6xx_HAL_Driver/Inc/stm32n6xx_ll_bus.h:1093:22:LL_AHB2_GRP1_EnableClockLowPower	24	static
STM32Cube_FW_N6/Drivers/STM32N6xx_HAL_Driver/Inc/stm32n6xx_ll_bus.h:1165:22:LL_AHB3_GRP1_EnableClock	24	static
STM32Cube_FW_N6/Drivers/STM32N6xx_HAL_Driver/Inc/stm32n6xx_ll_bus.h:1249:22:LL_AHB3_GRP1_ForceReset	16	static
STM32Cube_FW_N6/Drivers/STM32N6xx_HAL_Driver/Inc/stm32n6xx_ll_bus.h:1273:22:LL_AHB3_GRP1_ReleaseReset	16	static
STM32Cube_FW_N6/Drivers/STM32N6xx_HAL_Driver/Inc/stm32n6xx_ll_bus.h:1301:22:LL_AHB3_GRP1_EnableClockLowPower	24	static
STM32Cube_FW_N6/Drivers/STM32N6xx_HAL_Driver/Inc/stm32n6xx_ll_bus.h:1407:22:LL_AHB4_GRP1_EnableClock	24	static
STM32Cube_FW_N6/Drivers/STM32N6xx_HAL_Driver/Inc/stm32n6xx_ll_bus.h:1601:22:LL_AHB4_GRP1_EnableClockLowPower	24	static
STM32Cube_FW_N6/Drivers/STM32N6xx_HAL_Driver/Inc/stm32n6xx_ll_bus.h:1755:22:LL_AHB5_GRP1_EnableClock	24	static
STM32Cube_FW_N6/Drivers/STM32N6xx_HAL_Driver/Inc/stm32n6xx_ll_bus.h:1891:22:LL_AHB5_GRP1_DisableClock	16	static
STM32Cube_FW_N6/Drivers/STM32N6xx_HAL_Driver/Inc/stm32n6xx_ll_bus.h:1945:22:LL_AHB5_GRP1_ForceReset	16	static
STM32Cube_FW_N6/Drivers/STM32N6xx_HAL_Driver/Inc/stm32n6xx_ll_bus.h:1999:22:LL_AHB5_GRP1_ReleaseReset	16	static
STM32Cube_FW_N6/Drivers/STM32N6xx_HAL_Driver/Inc/stm32n6xx_ll_bus.h:2065:22:LL_AHB5_GRP1_EnableClockLowPower	24	static
STM32Cube_FW_N6/Drivers/STM32N6xx_HAL_Driver/Inc/stm32n6xx_ll_bus.h:2591:22:LL_APB1_GRP1_EnableClockLowPower	24	static
STM32Cube_FW_N6/Drivers/STM32N6xx_HAL_Driver/Inc/stm32n6xx_ll_bus.h:2823:22:LL_APB1_GRP2_EnableClockLowPower	24	static
STM32Cube_FW_N6/Drivers/STM32N6xx_HAL_Driver/Inc/stm32n6xx_ll_bus.h:2909:22:LL_APB2_GRP1_EnableClock	24	static
STM32Cube_FW_N6/Drivers/STM32N6xx_HAL_Driver/Inc/stm32n6xx_ll_bus.h:3123:22:LL_APB2_GRP1_EnableClockLowPower	24	static
STM32Cube_FW_N6/Drivers/STM32N6xx_HAL_Driver/Inc/stm32n6xx_ll_bus.h:3411:22:LL_APB4_GRP1_EnableClockLowPower	24	static
STM32Cube_FW_N6/Drivers/STM32N6xx_HAL_Driver/Inc/stm32n6xx_ll_bus.h:3575:22:LL_APB4_GRP2_EnableClockLowPower	24	static
STM32Cube_FW_N6/Drivers/STM32N6xx_HAL_Driver/Inc/stm32n6xx_ll_bus.h:3743:22:LL_APB5_GRP1_EnableClockLowPower	24	static
STM32Cube_FW_N6/Drivers/STM32N6xx_HAL_Driver/Inc/stm32n6xx_ll_bus.h:3915:22:LL_MISC_EnableClockLowPower	24	static
STM32Cube_FW_N6/Drivers/STM32N6xx_HAL_Driver/Inc/stm32n6xx_ll_rcc.h:2305:22:LL_RCC_SetCpuClkSource	16	static
STM32Cube_FW_N6/Drivers/STM32N6xx_HAL_Driver/Inc/stm32n6xx_ll_rcc.h:2334:22:LL_RCC_SetSysClkSource	16	static
Src/main.c:64:5:main	24	static
Src/main.c:86:13:NPURam_enable	24	static
Src/main.c:110:13:NPUCache_config	8	static
Src/main.c:116:13:Security_Config	16	static
Src/main.c:143:13:GPU_CACHE_Enable	8	static
Src/main.c:158:13:GPU2D_Init	8	static
Src/main.c:168:13:IAC_Config	8	static
Src/main.c:176:6:IAC_IRQHandler	4	static
Src/main.c:183:13:SystemClock_Config	640	static
Src/main.c:289:13:CONSOLE_Config	32	static
Src/main.c:318:12:main_freertos	32	static
Src/main.c:332:13:main_thread_fct	32	static
Src/main.c:401:19:MX_DCMIPP_ClockConfig	424	static
Src/main.c:424:6:HAL_CACHEAXI_MspInit	16	static
Src/main.c:432:6:HAL_CACHEAXI_MspDeInit	16	static
Src/main.c:448:6:assert_failed	16	static
Src/main.c:460:45:app_clean_invalidate_dbg	24	static
Src/main.c:465:6:HAL_GPU2D_MspInit	16	static
Src/main.c:481:6:HAL_GPU2D_MspDeInit	16	static
Src/main.c:489:6:HAL_GFXMMU_MspInit	16	static
Src/main.c:499:6:HAL_GFXMMU_MspDeInit	16	static
