../../../Lib/AI_Runtime/Npu/ll_aton/ll_aton_NN_interface.h:489:32:LL_Buffer_addr_start	0	static
/home/tanjiajun2002/Work/local/st/hand-landmarks/Src/app.c:588:12:clamp_point	8	static
/home/tanjiajun2002/Work/local/st/hand-landmarks/Src/app.c:685:12:clamp_corners	24	static
/home/tanjiajun2002/Work/local/st/hand-landmarks/Src/app.c:663:13:roi_to_corners	48	static
/home/tanjiajun2002/Work/local/st/hand-landmarks/Src/app.c:1594:13:isp_thread_fct	8	static
/home/tanjiajun2002/Work/local/st/hand-landmarks/Src/app.c:1542:13:on_pd_toggle_button_click	8	static
/home/tanjiajun2002/Work/local/st/hand-landmarks/Src/app.c:1530:13:on_ld_toggle_button_click	8	static
/home/tanjiajun2002/Work/local/st/hand-landmarks/Src/app.c:404:13:button_process	16	static
/home/tanjiajun2002/Work/local/st/hand-landmarks/Src/app.c:391:13:button_init.part.0	8	static
/home/tanjiajun2002/Work/local/st/hand-landmarks/Src/app.c:730:13:display_ld_hand	5696	static
/home/tanjiajun2002/Work/local/st/hand-landmarks/Src/app.c:1306:13:nn_thread_fct	232	static,ignoring_inline_asm
/home/tanjiajun2002/Work/local/st/hand-landmarks/Src/app.c:754:6:display_hand	112	static
/home/tanjiajun2002/Work/local/st/hand-landmarks/Src/app.c:1554:13:dp_thread_fct	3928	static,ignoring_inline_asm
/home/tanjiajun2002/Work/local/st/hand-landmarks/Src/app.c:1647:6:app_run	104	static,ignoring_inline_asm
/home/tanjiajun2002/Work/local/st/hand-landmarks/Src/app.c:1698:5:CMW_CAMERA_PIPE_FrameEventCallback	40	static
/home/tanjiajun2002/Work/local/st/hand-landmarks/Src/app.c:1708:5:CMW_CAMERA_PIPE_VsyncEventCallback	16	static
