my_models/yolo_detector.c:1937:13:_ec_blob_cache_start_func_414	0	static
my_models/yolo_detector.c:1766:13:_ec_blob_cache_start_func_410	8	static
my_models/yolo_detector.c:1639:13:_ec_blob_cache_start_func_404	0	static
my_models/yolo_detector.c:1536:13:_ec_blob_cache_start_func_402	0	static
my_models/yolo_detector.c:1453:13:_ec_blob_cache_start_func_400	0	static
my_models/yolo_detector.c:1326:13:_ec_blob_cache_start_func_396	0	static
my_models/yolo_detector.c:1187:13:_ec_blob_cache_start_func_363	0	static
my_models/yolo_detector.c:1048:13:_ec_blob_cache_start_func_339	0	static
my_models/yolo_detector.c:903:13:_ec_blob_cache_start_func_329	8	static
my_models/yolo_detector.c:758:13:_ec_blob_cache_start_func_283	8	static
my_models/yolo_detector.c:619:13:_ec_blob_cache_start_func_238	0	static
my_models/yolo_detector.c:378:13:_ec_blob_cache_start_func_206	8	static
my_models/yolo_detector.c:125:13:_ec_blob_cache_start_func_1	8	static
my_models/yolo_detector.c:1786:13:LL_ATON_End_EpochBlock_413	24	static
my_models/yolo_detector.c:1201:13:LL_ATON_End_EpochBlock_395	24	static
my_models/yolo_detector.c:1062:13:LL_ATON_End_EpochBlock_362	24	static
my_models/yolo_detector.c:923:13:LL_ATON_End_EpochBlock_338	24	static
my_models/yolo_detector.c:778:13:LL_ATON_End_EpochBlock_328	24	static
my_models/yolo_detector.c:633:13:LL_ATON_End_EpochBlock_282	24	static
my_models/yolo_detector.c:494:13:LL_ATON_End_EpochBlock_237	24	static
my_models/yolo_detector.c:253:13:LL_ATON_End_EpochBlock_205	24	static
my_models/yolo_detector.c:1709:13:LL_ATON_End_EpochBlock_409	40	static
my_models/yolo_detector.c:1653:13:LL_ATON_End_EpochBlock_408	40	static
my_models/yolo_detector.c:1396:13:LL_ATON_End_EpochBlock_399	40	static
my_models/yolo_detector.c:1340:13:LL_ATON_End_EpochBlock_398	40	static
my_models/yolo_detector.c:1550:13:LL_ATON_End_EpochBlock_403	344	static
my_models/yolo_detector.c:1467:13:LL_ATON_End_EpochBlock_401	32	static
my_models/yolo_detector.c:398:13:LL_ATON_End_EpochBlock_236	32	static
my_models/yolo_detector.c:157:13:LL_ATON_End_EpochBlock_204	32	static
my_models/yolo_detector.c:79:26:LL_ATON_Set_User_Input_Buffer_yolo_detector	0	static
my_models/yolo_detector.c:94:7:LL_ATON_Get_User_Input_Buffer_yolo_detector	0	static
my_models/yolo_detector.c:104:26:LL_ATON_Set_User_Output_Buffer_yolo_detector	0	static
my_models/yolo_detector.c:111:7:LL_ATON_Get_User_Output_Buffer_yolo_detector	0	static
my_models/yolo_detector_ecblobs.h:17078:6:LL_ATON_EC_Network_Init_yolo_detector	16	static
my_models/yolo_detector_ecblobs.h:17099:6:LL_ATON_EC_Inference_Init_yolo_detector	16	static
my_models/yolo_detector.c:1951:31:LL_ATON_EpochBlockItems_yolo_detector	0	static
my_models/yolo_detector.c:2330:30:LL_ATON_Input_Buffers_Info_yolo_detector	0	static
my_models/yolo_detector.c:4322:30:LL_ATON_Output_Buffers_Info_yolo_detector	0	static
my_models/yolo_detector.c:4361:30:LL_ATON_Internal_Buffers_Info_yolo_detector	0	static
